// Jest Snapshot v1, https://goo.gl/fbAQLP

exports[`Displays the correct title 1`] = `
<header
  data-testid="header"
  style="background: rebeccapurple; margin-bottom: 1.45rem;"
>
  <div
    style="margin: 0px auto; max-width: 960px; padding: 1.45rem 1.0875rem;"
  >
    <h1
      style="margin: 0px;"
    >
      <a
        aria-current="page"
        class=""
        href="/"
        style="color: white; text-decoration: none;"
      />
    </h1>
  </div>
</header>
`;
